Archive member included to satisfy reference by file (symbol)

d:/arm diploma/imt_arm_course/02- tools/03- imt sdk/imt_sdk_win_64/winarm/armgcc/bin/../lib/gcc/arm-none-eabi/7.2.1/../../../../arm-none-eabi/lib/thumb/v7-m\libg_nano.a(lib_a-errno.o)
                              ./system/src/newlib/_sbrk.o (__errno)
d:/arm diploma/imt_arm_course/02- tools/03- imt sdk/imt_sdk_win_64/winarm/armgcc/bin/../lib/gcc/arm-none-eabi/7.2.1/../../../../arm-none-eabi/lib/thumb/v7-m\libg_nano.a(lib_a-impure.o)
                              d:/arm diploma/imt_arm_course/02- tools/03- imt sdk/imt_sdk_win_64/winarm/armgcc/bin/../lib/gcc/arm-none-eabi/7.2.1/../../../../arm-none-eabi/lib/thumb/v7-m\libg_nano.a(lib_a-errno.o) (_impure_ptr)

Allocating common symbols
Common symbol       size              file

errno               0x4               ./system/src/newlib/_syscalls.o
callBack            0x4               ./src/STK_program.o
CallBack            0x4               ./src/SPI_program.o

Discarded input sections

 .group         0x00000000        0xc ./system/src/stm32f1-stdperiph/misc.o
 .group         0x00000000        0xc ./system/src/stm32f1-stdperiph/misc.o
 .group         0x00000000        0xc ./system/src/stm32f1-stdperiph/misc.o
 .group         0x00000000        0xc ./system/src/stm32f1-stdperiph/misc.o
 .group         0x00000000        0xc ./system/src/stm32f1-stdperiph/misc.o
 .group         0x00000000        0xc ./system/src/stm32f1-stdperiph/misc.o
 .group         0x00000000        0xc ./system/src/stm32f1-stdperiph/misc.o
 .group         0x00000000        0xc ./system/src/stm32f1-stdperiph/misc.o
 .group         0x00000000        0xc ./system/src/stm32f1-stdperiph/misc.o
 .group         0x00000000        0xc ./system/src/stm32f1-stdperiph/misc.o
 .group         0x00000000        0xc ./system/src/stm32f1-stdperiph/misc.o
 .group         0x00000000        0xc ./system/src/stm32f1-stdperiph/misc.o
 .group         0x00000000        0xc ./system/src/stm32f1-stdperiph/misc.o
 .group         0x00000000        0xc ./system/src/stm32f1-stdperiph/misc.o
 .group         0x00000000        0xc ./system/src/stm32f1-stdperiph/misc.o
 .group         0x00000000        0xc ./system/src/stm32f1-stdperiph/misc.o
 .group         0x00000000        0xc ./system/src/stm32f1-stdperiph/misc.o
 .group         0x00000000        0xc ./system/src/stm32f1-stdperiph/misc.o
 .group         0x00000000        0xc ./system/src/stm32f1-stdperiph/misc.o
 .group         0x00000000        0xc ./system/src/stm32f1-stdperiph/misc.o
 .group         0x00000000        0xc ./system/src/stm32f1-stdperiph/misc.o
 .group         0x00000000        0xc ./system/src/stm32f1-stdperiph/misc.o
 .group         0x00000000        0xc ./system/src/stm32f1-stdperiph/misc.o
 .group         0x00000000        0xc ./system/src/stm32f1-stdperiph/misc.o
 .group         0x00000000        0xc ./system/src/stm32f1-stdperiph/misc.o
 .group         0x00000000        0xc ./system/src/stm32f1-stdperiph/misc.o
 .group         0x00000000        0xc ./system/src/stm32f1-stdperiph/misc.o
 .group         0x00000000        0xc ./system/src/stm32f1-stdperiph/misc.o
 .group         0x00000000        0xc ./system/src/stm32f1-stdperiph/misc.o
 .group         0x00000000        0xc ./system/src/stm32f1-stdperiph/misc.o
 .text          0x00000000        0x0 ./system/src/stm32f1-stdperiph/misc.o
 .data          0x00000000        0x0 ./system/src/stm32f1-stdperiph/misc.o
 .bss           0x00000000        0x0 ./system/src/stm32f1-stdperiph/misc.o
 .text.NVIC_PriorityGroupConfig
                0x00000000       0x40 ./system/src/stm32f1-stdperiph/misc.o
 .text.NVIC_Init
                0x00000000       0x98 ./system/src/stm32f1-stdperiph/misc.o
 .text.NVIC_SetVectorTable
                0x00000000       0x48 ./system/src/stm32f1-stdperiph/misc.o
 .text.NVIC_SystemLPConfig
                0x00000000       0x4c ./system/src/stm32f1-stdperiph/misc.o
 .text.SysTick_CLKSourceConfig
                0x00000000       0x3c ./system/src/stm32f1-stdperiph/misc.o
 .rodata.NVIC_PriorityGroupConfig.str1.4
                0x00000000       0x27 ./system/src/stm32f1-stdperiph/misc.o
 .debug_info    0x00000000      0x634 ./system/src/stm32f1-stdperiph/misc.o
 .debug_abbrev  0x00000000      0x194 ./system/src/stm32f1-stdperiph/misc.o
 .debug_loc     0x00000000      0x207 ./system/src/stm32f1-stdperiph/misc.o
 .debug_aranges
                0x00000000       0x40 ./system/src/stm32f1-stdperiph/misc.o
 .debug_ranges  0x00000000       0x30 ./system/src/stm32f1-stdperiph/misc.o
 .debug_macro   0x00000000      0x171 ./system/src/stm32f1-stdperiph/misc.o
 .debug_macro   0x00000000      0xa60 ./system/src/stm32f1-stdperiph/misc.o
 .debug_macro   0x00000000       0x50 ./system/src/stm32f1-stdperiph/misc.o
 .debug_macro   0x00000000      0x34e ./system/src/stm32f1-stdperiph/misc.o
 .debug_macro   0x00000000       0x35 ./system/src/stm32f1-stdperiph/misc.o
[...]
Memory Configuration

Name             Origin             Length             Attributes
RAM              0x20000000         0x00005000         xrw
CCMRAM           0x00000000         0x00000000         xrw
FLASH            0x08000000         0x00010000         xr
FLASHB1          0x00000000         0x00000000         xr
EXTMEMB0         0x00000000         0x00000000         xr
EXTMEMB1         0x00000000         0x00000000         xr
EXTMEMB2         0x00000000         0x00000000         xr
EXTMEMB3         0x00000000         0x00000000         xr
MEMORY_ARRAY     0x00000000         0x00000000         xrw
*default*        0x00000000         0xffffffff

Linker script and memory map

LOAD ./system/src/stm32f1-stdperiph/misc.o
LOAD ./system/src/stm32f1-stdperiph/stm32f10x_gpio.o
LOAD ./system/src/stm32f1-stdperiph/stm32f10x_rcc.o
LOAD ./system/src/newlib/_cxx.o
LOAD ./system/src/newlib/_exit.o
LOAD ./system/src/newlib/_sbrk.o
LOAD ./system/src/newlib/_startup.o
LOAD ./system/src/newlib/_syscalls.o
LOAD ./system/src/newlib/assert.o
LOAD ./system/src/diag/Trace.o
LOAD ./system/src/diag/trace_impl.o
LOAD ./system/src/cortexm/_initialize_hardware.o
LOAD ./system/src/cortexm/_reset_hardware.o
LOAD ./system/src/cortexm/exception_handlers.o
LOAD ./system/src/cmsis/system_stm32f10x.o
LOAD ./system/src/cmsis/vectors_stm32f10x.o
LOAD ./src/ArkanoidGame.o
LOAD ./src/GPIO_program.o
LOAD ./src/RCC_program.o
LOAD ./src/SPI_program.o
LOAD ./src/STK_program.o
LOAD ./src/TFT_program.o
LOAD ./src/main.o
LOAD d:/arm diploma/imt_arm_course/02- tools/03- imt sdk/imt_sdk_win_64/winarm/armgcc/bin/../lib/gcc/arm-none-eabi/7.2.1/../../../../arm-none-eabi/lib/thumb/v7-m\libstdc++_nano.a
LOAD d:/arm diploma/imt_arm_course/02- tools/03- imt sdk/imt_sdk_win_64/winarm/armgcc/bin/../lib/gcc/arm-none-eabi/7.2.1/../../../../arm-none-eabi/lib/thumb/v7-m\libm.a
START GROUP
LOAD d:/arm diploma/imt_arm_course/02- tools/03- imt sdk/imt_sdk_win_64/winarm/armgcc/bin/../lib/gcc/arm-none-eabi/7.2.1/thumb/v7-m\libgcc.a
LOAD d:/arm diploma/imt_arm_course/02- tools/03- imt sdk/imt_sdk_win_64/winarm/armgcc/bin/../lib/gcc/arm-none-eabi/7.2.1/../../../../arm-none-eabi/lib/thumb/v7-m\libg_nano.a
LOAD d:/arm diploma/imt_arm_course/02- tools/03- imt sdk/imt_sdk_win_64/winarm/armgcc/bin/../lib/gcc/arm-none-eabi/7.2.1/../../../../arm-none-eabi/lib/thumb/v7-m\libc_nano.a
END GROUP
START GROUP
LOAD d:/arm diploma/imt_arm_course/02- tools/03- imt sdk/imt_sdk_win_64/winarm/armgcc/bin/../lib/gcc/arm-none-eabi/7.2.1/thumb/v7-m\libgcc.a
LOAD d:/arm diploma/imt_arm_course/02- tools/03- imt sdk/imt_sdk_win_64/winarm/armgcc/bin/../lib/gcc/arm-none-eabi/7.2.1/../../../../arm-none-eabi/lib/thumb/v7-m\libc_nano.a
END GROUP
                0x20005000                __stack = (ORIGIN (RAM) + LENGTH (RAM))
                0x20005000                _estack = __stack
                0x00000400                __Main_Stack_Size = 0x400
                [!provide]                PROVIDE (_Main_Stack_Size, __Main_Stack_Size)
                0x20004c00                __Main_Stack_Limit = (__stack - __Main_Stack_Size)
                [!provide]                PROVIDE (_Main_Stack_Limit, __Main_Stack_Limit)
                0x00000100                _Minimum_Stack_Size = 0x100
                0x200000cc                PROVIDE (_Heap_Begin, _end_noinit)
                0x20004c00                PROVIDE (_Heap_Limit, (__stack - __Main_Stack_Size))

.isr_vector     0x08000000      0x294
 FILL mask 0xff
                0x08000000                __vectors_start = ABSOLUTE (.)
                0x08000000                __vectors_start__ = ABSOLUTE (.)
 *(.isr_vector)
 .isr_vector    0x08000000      0x10c ./system/src/cmsis/vectors_stm32f10x.o
                0x08000000                __isr_vectors
 *(.cfmconfig)
 *(.after_vectors .after_vectors.*)
 .after_vectors
                0x0800010c      0x114 ./system/src/newlib/_startup.o
                0x0800010c                _start
 .after_vectors
                0x08000220       0x70 ./system/src/cortexm/exception_handlers.o
                0x08000220                Reset_Handler
                0x08000226                NMI_Handler
                0x0800022a                HardFault_Handler
                0x0800023e                HardFault_Handler_C
                0x08000242                MemManage_Handler
                0x08000246                BusFault_Handler
                0x0800025a                BusFault_Handler_C
                0x0800025e                UsageFault_Handler
                0x08000272                UsageFault_Handler_C
                0x08000276                SVC_Handler
                0x0800027a                DebugMon_Handler
                0x0800027e                PendSV_Handler
 .after_vectors
                0x08000290        0x4 ./system/src/cmsis/vectors_stm32f10x.o
                0x08000290                EXTI2_IRQHandler
                0x08000290                TIM8_TRG_COM_IRQHandler
                0x08000290                TIM8_CC_IRQHandler
                0x08000290                TIM1_CC_IRQHandler
                0x08000290                TIM6_IRQHandler
                0x08000290                PVD_IRQHandler
                0x08000290                SDIO_IRQHandler
                0x08000290                CAN2_RX1_IRQHandler
                0x08000290                EXTI3_IRQHandler
                0x08000290                TIM8_TRG_COM_TIM14_IRQHandler
                0x08000290                TIM1_UP_TIM10_IRQHandler
                0x08000290                TIM8_UP_TIM13_IRQHandler
                0x08000290                EXTI0_IRQHandler
                0x08000290                I2C2_EV_IRQHandler
                0x08000290                CAN1_RX0_IRQHandler
                0x08000290                TIM1_UP_TIM16_IRQHandler
                0x08000290                CAN2_SCE_IRQHandler
                0x08000290                ADC1_2_IRQHandler
                0x08000290                SPI1_IRQHandler
                0x08000290                TAMPER_IRQHandler
                0x08000290                TIM6_DAC_IRQHandler
                0x08000290                TIM1_BRK_TIM9_IRQHandler
                0x08000290                CAN2_RX0_IRQHandler
                0x08000290                TIM8_UP_IRQHandler
                0x08000290                DMA2_Channel2_IRQHandler
                0x08000290                DMA1_Channel4_IRQHandler
                0x08000290                USART3_IRQHandler
                0x08000290                RTC_IRQHandler
                0x08000290                DMA1_Channel7_IRQHandler
                0x08000290                CAN1_RX1_IRQHandler
                0x08000290                UART5_IRQHandler
                0x08000290                ADC3_IRQHandler
                0x08000290                TIM4_IRQHandler
                0x08000290                DMA2_Channel1_IRQHandler
                0x08000290                I2C1_EV_IRQHandler
                0x08000290                DMA1_Channel6_IRQHandler
                0x08000290                UART4_IRQHandler
                0x08000290                DMA2_Channel4_IRQHandler
                0x08000290                TIM3_IRQHandler
                0x08000290                RCC_IRQHandler
                0x08000290                TIM8_BRK_TIM12_IRQHandler
                0x08000290                TIM1_TRG_COM_IRQHandler
                0x08000290                DMA1_Channel1_IRQHandler
                0x08000290                Default_Handler
                0x08000290                CEC_IRQHandler
                0x08000290                EXTI15_10_IRQHandler
                0x08000290                TIM14_IRQHandler
                0x08000290                TIM13_IRQHandler
                0x08000290                TIM12_IRQHandler
                0x08000290                TIM7_IRQHandler
                0x08000290                CAN2_TX_IRQHandler
                0x08000290                TIM5_IRQHandler
                0x08000290                EXTI9_5_IRQHandler
                0x08000290                ETH_WKUP_IRQHandler
                0x08000290                SPI2_IRQHandler
                0x08000290                CAN1_TX_IRQHandler
                0x08000290                DMA2_Channel5_IRQHandler
                0x08000290                DMA1_Channel5_IRQHandler
                0x08000290                EXTI4_IRQHandler
                0x08000290                USB_LP_CAN1_RX0_IRQHandler
                0x08000290                TIM1_TRG_COM_TIM17_IRQHandler
                0x08000290                USB_HP_CAN1_TX_IRQHandler
                0x08000290                DMA1_Channel3_IRQHandler
                0x08000290                FSMC_IRQHandler
                0x08000290                ETH_IRQHandler
                0x08000290                TIM1_UP_IRQHandler
                0x08000290                WWDG_IRQHandler
                0x08000290                TIM2_IRQHandler
                0x08000290                OTG_FS_WKUP_IRQHandler
                0x08000290                TIM1_TRG_COM_TIM11_IRQHandler
                0x08000290                TIM1_BRK_IRQHandler
                0x08000290                EXTI1_IRQHandler
                0x08000290                RTCAlarm_IRQHandler
                0x08000290                DMA2_Channel4_5_IRQHandler
                0x08000290                USART2_IRQHandler
                0x08000290                I2C2_ER_IRQHandler
                0x08000290                DMA1_Channel2_IRQHandler
                0x08000290                TIM8_BRK_IRQHandler
                0x08000290                CAN1_SCE_IRQHandler
                0x08000290                FLASH_IRQHandler
                0x08000290                USART1_IRQHandler
                0x08000290                OTG_FS_IRQHandler
                0x08000290                SPI3_IRQHandler
                0x08000290                I2C1_ER_IRQHandler
                0x08000290                USBWakeUp_IRQHandler
                0x08000290                DMA2_Channel3_IRQHandler
                0x08000290                TIM1_BRK_TIM15_IRQHandler

.inits          0x08000294       0x28
                0x08000294                __data_regions_array_start = .
                0x08000294        0x4 LONG 0x8001570 LOADADDR (.data)
                0x08000298        0x4 LONG 0x20000000 ADDR (.data)
                0x0800029c        0x4 LONG 0x200000bc (ADDR (.data) + SIZEOF (.data))
                0x080002a0        0x4 LONG 0x8001570 LOADADDR (.data_CCMRAM)
                0x080002a4        0x4 LONG 0x0 ADDR (.data_CCMRAM)
                0x080002a8        0x4 LONG 0x0 (ADDR (.data_CCMRAM) + SIZEOF (.data_CCMRAM))
                0x080002ac                __data_regions_array_end = .
                0x080002ac                __bss_regions_array_start = .
                0x080002ac        0x4 LONG 0x200000bc ADDR (.bss)
                0x080002b0        0x4 LONG 0x200000cc (ADDR (.bss) + SIZEOF (.bss))
                0x080002b4        0x4 LONG 0x0 ADDR (.bss_CCMRAM)
                0x080002b8        0x4 LONG 0x0 (ADDR (.bss_CCMRAM) + SIZEOF (.bss_CCMRAM))
                0x080002bc                __bss_regions_array_end = .
 *(.init)
 *(.fini)
                0x080002bc                . = ALIGN (0x4)
                0x080002bc                PROVIDE (__preinit_array_start, .)
 *(.preinit_array_sysinit .preinit_array_sysinit.*)
 *(.preinit_array_platform .preinit_array_platform.*)
 *(.preinit_array .preinit_array.*)
                0x080002bc                PROVIDE (__preinit_array_end, .)
                0x080002bc                . = ALIGN (0x4)
                0x080002bc                PROVIDE (__init_array_start, .)
 *(SORT_BY_NAME(.init_array.*))
 *(.init_array)
                0x080002bc                PROVIDE (__init_array_end, .)
                0x080002bc                . = ALIGN (0x4)
                0x080002bc                PROVIDE (__fini_array_start, .)
 *(SORT_BY_NAME(.fini_array.*))
 *(.fini_array)
                0x080002bc                PROVIDE (__fini_array_end, .)

.flashtext
 *(.flashtext .flashtext.*)

.text           0x080002bc     0x12b4
 *(.text .text.*)
 .text._exit    0x080002bc        0x2 ./system/src/newlib/_exit.o
                0x080002bc                _exit
 *fill*         0x080002be        0x2 
 .text.__initialize_args
                0x080002c0       0x10 ./system/src/newlib/_syscalls.o
                0x080002c0                __initialize_args
 .text.__initialize_hardware_early
                0x080002d0       0x18 ./system/src/cortexm/_initialize_hardware.o
                0x080002d0                __initialize_hardware_early
 .text.__initialize_hardware
                0x080002e8        0x8 ./system/src/cortexm/_initialize_hardware.o
                0x080002e8                __initialize_hardware
 .text.SetSysClockTo72
                0x080002f0       0xc4 ./system/src/cmsis/system_stm32f10x.o
 .text.SetSysClock
                0x080003b4        0x8 ./system/src/cmsis/system_stm32f10x.o
 .text.SystemInit
                0x080003bc       0x50 ./system/src/cmsis/system_stm32f10x.o
                0x080003bc                SystemInit
 .text.SystemCoreClockUpdate
                0x0800040c       0x94 ./system/src/cmsis/system_stm32f10x.o
                0x0800040c                SystemCoreClockUpdate
 .text.Background
                0x080004a0       0x48 ./src/ArkanoidGame.o
                0x080004a0                Background
 .text.blockDraw
                0x080004e8       0x32 ./src/ArkanoidGame.o
                0x080004e8                blockDraw
 *fill*         0x0800051a        0x2 
 .text.DrawBlocks
                0x0800051c       0x40 ./src/ArkanoidGame.o
                0x0800051c                DrawBlocks
 .text.paddleDraw
                0x0800055c       0x7c ./src/ArkanoidGame.o
                0x0800055c                paddleDraw
 .text.BallDraw
                0x080005d8       0x5c ./src/ArkanoidGame.o
                0x080005d8                BallDraw
 .text.changBallArkanoid_right
                0x08000634       0x20 ./src/ArkanoidGame.o
                0x08000634                changBallArkanoid_right
 .text.changBallArkanoid_up
                0x08000654       0x20 ./src/ArkanoidGame.o
                0x08000654                changBallArkanoid_up
 .text.changeBallXY
                0x08000674       0x94 ./src/ArkanoidGame.o
                0x08000674                changeBallXY
 .text.clearSqr
                0x08000708       0x90 ./src/ArkanoidGame.o
                0x08000708                clearSqr
 .text.clearPaddle
                0x08000798       0x7c ./src/ArkanoidGame.o
                0x08000798                clearPaddle
 .text.Input    0x08000814       0x70 ./src/ArkanoidGame.o
                0x08000814                Input
 .text.gameover
                0x08000884       0x48 ./src/ArkanoidGame.o
                0x08000884                gameover
 .text.Arkanoid_Game
                0x080008cc       0xd0 ./src/ArkanoidGame.o
                0x080008cc                Arkanoid_Game
 .text.MGPIO_voidSetPinDirection
                0x0800099c       0xe4 ./src/GPIO_program.o
                0x0800099c                MGPIO_voidSetPinDirection
 .text.MGPIO_voidSetPinValue
                0x08000a80       0x94 ./src/GPIO_program.o
                0x08000a80                MGPIO_voidSetPinValue
 .text.MGPIO_u8GetPinValue
                0x08000b14       0x40 ./src/GPIO_program.o
                0x08000b14                MGPIO_u8GetPinValue
 .text.RCC_voidInitSysClock
                0x08000b54       0x14 ./src/RCC_program.o
                0x08000b54                RCC_voidInitSysClock
 .text.RCC_voidEnableClock
                0x08000b68       0x4c ./src/RCC_program.o
                0x08000b68                RCC_voidEnableClock
 .text.MSPI1_voidInit
                0x08000bb4       0x10 ./src/SPI_program.o
                0x08000bb4                MSPI1_voidInit
 .text.MSPI1_voidSendReceiveSynch
                0x08000bc4       0x34 ./src/SPI_program.o
                0x08000bc4                MSPI1_voidSendReceiveSynch
 .text.MSTK_voidInit
                0x08000bf8        0xc ./src/STK_program.o
                0x08000bf8                MSTK_voidInit
 .text.MSTK_voidSetBusyWait
                0x08000c04       0x40 ./src/STK_program.o
                0x08000c04                MSTK_voidSetBusyWait
 .text.SysTick_Handler
                0x08000c44       0x40 ./src/STK_program.o
                0x08000c44                SysTick_Handler
 .text.voidWriteData
                0x08000c84       0x1e ./src/TFT_program.o
 .text.voidWriteCommand
                0x08000ca2       0x1e ./src/TFT_program.o
 .text.HTFT_voidInit
                0x08000cc0       0x7c ./src/TFT_program.o
                0x08000cc0                HTFT_voidInit
 .text.HTFT_voidFillColor
                0x08000d3c       0x62 ./src/TFT_program.o
                0x08000d3c                HTFT_voidFillColor
 .text.HTFT_voidDrawRect
                0x08000d9e       0x7a ./src/TFT_program.o
                0x08000d9e                HTFT_voidDrawRect
 .text.HTFT_voidDrawPixal
                0x08000e18       0x18 ./src/TFT_program.o
                0x08000e18                HTFT_voidDrawPixal
 .text.HTFT_voidDrawChar
                0x08000e30       0x58 ./src/TFT_program.o
                0x08000e30                HTFT_voidDrawChar
 .text.HTFT_voidDrawNumChar
                0x08000e88       0x58 ./src/TFT_program.o
                0x08000e88                HTFT_voidDrawNumChar
 .text.HTFT_voidDrawNum
                0x08000ee0       0x54 ./src/TFT_program.o
                0x08000ee0                HTFT_voidDrawNum
 .text.HTFT_voidDraw2Dig
                0x08000f34       0x3c ./src/TFT_program.o
                0x08000f34                HTFT_voidDraw2Dig
 .text.HTFT_voidClear2Dig
                0x08000f70       0x38 ./src/TFT_program.o
                0x08000f70                HTFT_voidClear2Dig
 .text.HTFT_voidDrawString
                0x08000fa8       0xa4 ./src/TFT_program.o
                0x08000fa8                HTFT_voidDrawString
 .text.main     0x0800104c       0xa0 ./src/main.o
                0x0800104c                main
 *(.rodata .rodata.* .constdata .constdata.*)
 .rodata        0x080010ec       0x10 ./src/ArkanoidGame.o
 .rodata.Background.str1.4
                0x080010fc        0x6 ./src/ArkanoidGame.o
 *fill*         0x08001102        0x2 
 .rodata.gameover.str1.4
                0x08001104        0xc ./src/ArkanoidGame.o
                                  0xa (size before relaxing)
 .rodata        0x08001110       0x27 ./src/TFT_program.o
 *fill*         0x08001137        0x1 
 .rodata.Alph   0x08001138      0x30c ./src/TFT_program.o
                0x08001138                Alph
 .rodata.Numbers
                0x08001444      0x12c ./src/TFT_program.o
                0x08001444                Numbers
 *(vtable)
 *(.eh_frame*)
 *(.glue_7)
 .glue_7        0x08001570        0x0 linker stubs
 *(.glue_7t)
 .glue_7t       0x08001570        0x0 linker stubs

.vfp11_veneer   0x08001570        0x0
 .vfp11_veneer  0x08001570        0x0 linker stubs

.v4_bx          0x08001570        0x0
 .v4_bx         0x08001570        0x0 linker stubs

.iplt           0x08001570        0x0
 .iplt          0x08001570        0x0 ./system/src/newlib/_exit.o

.rel.dyn        0x08001570        0x0
 .rel.iplt      0x08001570        0x0 ./system/src/newlib/_exit.o

.ARM.extab
 *(.ARM.extab* .gnu.linkonce.armextab.*)
                0x08001570                . = ALIGN (0x4)
                0x08001570                __exidx_start = .

.ARM.exidx
 *(.ARM.exidx* .gnu.linkonce.armexidx.*)
                0x08001570                __exidx_end = .
                0x08001570                . = ALIGN (0x4)
                0x08001570                _etext = .
                0x08001570                __etext = .

.data_CCMRAM    0x00000000        0x0 load address 0x08001570
 FILL mask 0xff
 *(.data.CCMRAM .data.CCMRAM.*)
                0x00000000                . = ALIGN (0x4)
                0x08001570                _sidata = LOADADDR (.data)

.data           0x20000000       0xbc load address 0x08001570
 FILL mask 0xff
                0x20000000                _sdata = .
                0x20000000                __data_start__ = .
 *(.data_begin .data_begin.*)
 .data_begin    0x20000000        0x4 ./system/src/newlib/_startup.o
 *(.data .data.*)
 .data.argv.4310
                0x20000004        0x8 ./system/src/newlib/_syscalls.o
 .data.AHBPrescTable
                0x2000000c       0x10 ./system/src/cmsis/system_stm32f10x.o
                0x2000000c                AHBPrescTable
 .data.SystemCoreClock
                0x2000001c        0x4 ./system/src/cmsis/system_stm32f10x.o
                0x2000001c                SystemCoreClock
 .data.Arkanoid_right
                0x20000020        0x1 ./src/ArkanoidGame.o
                0x20000020                Arkanoid_right
 .data.Arkanoid_up
                0x20000021        0x1 ./src/ArkanoidGame.o
                0x20000021                Arkanoid_up
 *fill*         0x20000022        0x2 ff
 .data.field    0x20000024       0x90 ./src/ArkanoidGame.o
                0x20000024                field
 .data.x_ball   0x200000b4        0x1 ./src/ArkanoidGame.o
                0x200000b4                x_ball
 .data.x_paddle
                0x200000b5        0x1 ./src/ArkanoidGame.o
                0x200000b5                x_paddle
 .data.y_ball   0x200000b6        0x1 ./src/ArkanoidGame.o
                0x200000b6                y_ball
 *(.data_end .data_end.*)
 *fill*         0x200000b7        0x1 ff
 .data_end      0x200000b8        0x4 ./system/src/newlib/_startup.o
                0x200000bc                . = ALIGN (0x4)
                0x200000bc                _edata = .
                0x200000bc                __data_end__ = .

.igot.plt       0x200000bc        0x0 load address 0x0800162c
 .igot.plt      0x200000bc        0x0 ./system/src/newlib/_exit.o

.bss_CCMRAM     0x00000000        0x0
 *(.bss.CCMRAM .bss.CCMRAM.*)

.bss            0x200000bc       0x10
                0x200000bc                __bss_start__ = .
                0x200000bc                _sbss = .
 *(.bss_begin .bss_begin.*)
 .bss_begin     0x200000bc        0x4 ./system/src/newlib/_startup.o
 *(.bss .bss.*)
 .bss.name.4309
                0x200000c0        0x1 ./system/src/newlib/_syscalls.o
 .bss.Ark_points
                0x200000c1        0x1 ./src/ArkanoidGame.o
                0x200000c1                Ark_points
 .bss.y_paddle  0x200000c2        0x1 ./src/ArkanoidGame.o
                0x200000c2                y_paddle
 .bss.MSTK_u8ModeOfInterval
                0x200000c3        0x1 ./src/STK_program.o
 *(COMMON)
 COMMON         0x200000c4        0x4 ./src/STK_program.o
                0x200000c4                callBack
 *(.bss_end .bss_end.*)
 .bss_end       0x200000c8        0x4 ./system/src/newlib/_startup.o
                0x200000cc                . = ALIGN (0x4)
                0x200000cc                __bss_end__ = .
                0x200000cc                _ebss = .

.noinit_CCMRAM
 *(.noinit.CCMRAM .noinit.CCMRAM.*)

.noinit         0x200000cc        0x0
                0x200000cc                _noinit = .
 *(.noinit .noinit.*)
                0x200000cc                . = ALIGN (0x4)
                0x200000cc                _end_noinit = .
                [!provide]                PROVIDE (end, _end_noinit)
                [!provide]                PROVIDE (_end, _end_noinit)
                [!provide]                PROVIDE (__end, _end_noinit)
                [!provide]                PROVIDE (__end__, _end_noinit)

._check_stack   0x200000cc      0x100
                0x200001cc                . = (. + _Minimum_Stack_Size)
 *fill*         0x200000cc      0x100 

.b1text
 *(.b1text)
 *(.b1rodata)
 *(.b1rodata.*)

.eb0text
 *(.eb0text)
 *(.eb0rodata)
 *(.eb0rodata.*)

.eb1text
 *(.eb1text)
 *(.eb1rodata)
 *(.eb1rodata.*)

.eb2text
 *(.eb2text)
 *(.eb2rodata)
 *(.eb2rodata.*)

.eb3text
 *(.eb3text)
 *(.eb3rodata)
 *(.eb3rodata.*)

.stab
 *(.stab)

.stabstr
 *(.stabstr)

.stab.excl
 *(.stab.excl)

.stab.exclstr
 *(.stab.exclstr)

.stab.index
 *(.stab.index)

.stab.indexstr
 *(.stab.indexstr)

.comment        0x00000000       0x7e
 *(.comment)
 .comment       0x00000000       0x7e ./system/src/newlib/_exit.o
                                 0x7f (size before relaxing)
 .comment       0x0000007e       0x7f ./system/src/newlib/_startup.o
 .comment       0x0000007e       0x7f ./system/src/newlib/_syscalls.o
 .comment       0x0000007e       0x7f ./system/src/cortexm/_initialize_hardware.o
 .comment       0x0000007e       0x7f ./system/src/cortexm/exception_handlers.o
 .comment       0x0000007e       0x7f ./system/src/cmsis/system_stm32f10x.o
 .comment       0x0000007e       0x7f ./system/src/cmsis/vectors_stm32f10x.o
 .comment       0x0000007e       0x7f ./src/ArkanoidGame.o
 .comment       0x0000007e       0x7f ./src/GPIO_program.o
 .comment       0x0000007e       0x7f ./src/RCC_program.o
 .comment       0x0000007e       0x7f ./src/SPI_program.o
 .comment       0x0000007e       0x7f ./src/STK_program.o
 .comment       0x0000007e       0x7f ./src/TFT_program.o
 .comment       0x0000007e       0x7f ./src/main.o

.ARM.attributes
                0x00000000       0x33
 .ARM.attributes
                0x00000000       0x33 ./system/src/newlib/_exit.o
 .ARM.attributes
                0x00000033       0x33 ./system/src/newlib/_startup.o
 .ARM.attributes
                0x00000066       0x33 ./system/src/newlib/_syscalls.o
 .ARM.attributes
                0x00000099       0x33 ./system/src/cortexm/_initialize_hardware.o
 .ARM.attributes
                0x000000cc       0x33 ./system/src/cortexm/exception_handlers.o
 .ARM.attributes
                0x000000ff       0x33 ./system/src/cmsis/system_stm32f10x.o
 .ARM.attributes
                0x00000132       0x33 ./system/src/cmsis/vectors_stm32f10x.o
 .ARM.attributes
                0x00000165       0x33 ./src/ArkanoidGame.o
 .ARM.attributes
                0x00000198       0x33 ./src/GPIO_program.o
 .ARM.attributes
                0x000001cb       0x33 ./src/RCC_program.o
 .ARM.attributes
                0x000001fe       0x33 ./src/SPI_program.o
 .ARM.attributes
                0x00000231       0x33 ./src/STK_program.o
 .ARM.attributes
                0x00000264       0x33 ./src/TFT_program.o
 .ARM.attributes
                0x00000297       0x33 ./src/main.o

.debug
 *(.debug)

.line
 *(.line)

.debug_srcinfo
 *(.debug_srcinfo)

.debug_sfnames
 *(.debug_sfnames)

.debug_aranges  0x00000000      0x3c0
 *(.debug_aranges)
 .debug_aranges
                0x00000000       0x28 ./system/src/newlib/_exit.o
 .debug_aranges
                0x00000028       0x40 ./system/src/newlib/_startup.o
 .debug_aranges
                0x00000068       0x30 ./system/src/newlib/_syscalls.o
 .debug_aranges
                0x00000098       0x28 ./system/src/cortexm/_initialize_hardware.o
 .debug_aranges
                0x000000c0       0x80 ./system/src/cortexm/exception_handlers.o
 .debug_aranges
                0x00000140       0x38 ./system/src/cmsis/system_stm32f10x.o
 .debug_aranges
                0x00000178       0x20 ./system/src/cmsis/vectors_stm32f10x.o
 .debug_aranges
                0x00000198       0x88 ./src/ArkanoidGame.o
 .debug_aranges
                0x00000220       0x30 ./src/GPIO_program.o
 .debug_aranges
                0x00000250       0x30 ./src/RCC_program.o
 .debug_aranges
                0x00000280       0x28 ./src/SPI_program.o
 .debug_aranges
                0x000002a8       0x58 ./src/STK_program.o
 .debug_aranges
                0x00000300       0xa0 ./src/TFT_program.o
 .debug_aranges
                0x000003a0       0x20 ./src/main.o

.debug_pubnames
 *(.debug_pubnames)

.debug_info     0x00000000     0x49a2
 *(.debug_info .gnu.linkonce.wi.*)
 .debug_info    0x00000000      0x94a ./system/src/newlib/_exit.o
 .debug_info    0x0000094a      0x42e ./system/src/newlib/_startup.o
 .debug_info    0x00000d78      0xa19 ./system/src/newlib/_syscalls.o
 .debug_info    0x00001791      0x2b5 ./system/src/cortexm/_initialize_hardware.o
 .debug_info    0x00001a46      0xae8 ./system/src/cortexm/exception_handlers.o
 .debug_info    0x0000252e      0x494 ./system/src/cmsis/system_stm32f10x.o
 .debug_info    0x000029c2       0xca ./system/src/cmsis/vectors_stm32f10x.o
 .debug_info    0x00002a8c      0x86c ./src/ArkanoidGame.o
 .debug_info    0x000032f8      0x12c ./src/GPIO_program.o
 .debug_info    0x00003424       0xde ./src/RCC_program.o
 .debug_info    0x00003502      0x19a ./src/SPI_program.o
 .debug_info    0x0000369c      0x182 ./src/STK_program.o
 .debug_info    0x0000381e      0xf09 ./src/TFT_program.o
 .debug_info    0x00004727      0x27b ./src/main.o

.debug_abbrev   0x00000000     0x11a7
 *(.debug_abbrev)
 .debug_abbrev  0x00000000      0x1f5 ./system/src/newlib/_exit.o
 .debug_abbrev  0x000001f5      0x1b3 ./system/src/newlib/_startup.o
 .debug_abbrev  0x000003a8      0x234 ./system/src/newlib/_syscalls.o
 .debug_abbrev  0x000005dc       0xea ./system/src/cortexm/_initialize_hardware.o
 .debug_abbrev  0x000006c6      0x23a ./system/src/cortexm/exception_handlers.o
 .debug_abbrev  0x00000900      0x177 ./system/src/cmsis/system_stm32f10x.o
 .debug_abbrev  0x00000a77       0x9d ./system/src/cmsis/vectors_stm32f10x.o
 .debug_abbrev  0x00000b14      0x11f ./src/ArkanoidGame.o
 .debug_abbrev  0x00000c33       0xaa ./src/GPIO_program.o
 .debug_abbrev  0x00000cdd       0x7f ./src/RCC_program.o
 .debug_abbrev  0x00000d5c      0x10e ./src/SPI_program.o
 .debug_abbrev  0x00000e6a       0xe1 ./src/STK_program.o
 .debug_abbrev  0x00000f4b      0x1eb ./src/TFT_program.o
 .debug_abbrev  0x00001136       0x71 ./src/main.o

.debug_line     0x00000000     0x26e8
 *(.debug_line)
 .debug_line    0x00000000      0x3ba ./system/src/newlib/_exit.o
 .debug_line    0x000003ba      0x429 ./system/src/newlib/_startup.o
 .debug_line    0x000007e3      0x4a0 ./system/src/newlib/_syscalls.o
 .debug_line    0x00000c83      0x38f ./system/src/cortexm/_initialize_hardware.o
 .debug_line    0x00001012      0x6ff ./system/src/cortexm/exception_handlers.o
 .debug_line    0x00001711      0x402 ./system/src/cmsis/system_stm32f10x.o
 .debug_line    0x00001b13      0x11b ./system/src/cmsis/vectors_stm32f10x.o
 .debug_line    0x00001c2e      0x295 ./src/ArkanoidGame.o
 .debug_line    0x00001ec3      0x103 ./src/GPIO_program.o
 .debug_line    0x00001fc6       0xcf ./src/RCC_program.o
 .debug_line    0x00002095       0xcf ./src/SPI_program.o
 .debug_line    0x00002164      0x13a ./src/STK_program.o
 .debug_line    0x0000229e      0x360 ./src/TFT_program.o
 .debug_line    0x000025fe       0xea ./src/main.o

.debug_frame    0x00000000      0x874
 *(.debug_frame)
 .debug_frame   0x00000000       0x38 ./system/src/newlib/_exit.o
 .debug_frame   0x00000038       0x7c ./system/src/newlib/_startup.o
 .debug_frame   0x000000b4       0x50 ./system/src/newlib/_syscalls.o
 .debug_frame   0x00000104       0x40 ./system/src/cortexm/_initialize_hardware.o
 .debug_frame   0x00000144       0xe8 ./system/src/cortexm/exception_handlers.o
 .debug_frame   0x0000022c       0x6c ./system/src/cmsis/system_stm32f10x.o
 .debug_frame   0x00000298       0x20 ./system/src/cmsis/vectors_stm32f10x.o
 .debug_frame   0x000002b8      0x1b4 ./src/ArkanoidGame.o
 .debug_frame   0x0000046c       0x4c ./src/GPIO_program.o
 .debug_frame   0x000004b8       0x40 ./src/RCC_program.o
 .debug_frame   0x000004f8       0x3c ./src/SPI_program.o
 .debug_frame   0x00000534       0xa4 ./src/STK_program.o
 .debug_frame   0x000005d8      0x274 ./src/TFT_program.o
 .debug_frame   0x0000084c       0x28 ./src/main.o

.debug_str      0x00000000    0x5605d
 *(.debug_str)
 .debug_str     0x00000000     0x7cf4 ./system/src/newlib/_exit.o
                               0x7eb8 (size before relaxing)
 .debug_str     0x00007cf4      0xbbd ./system/src/newlib/_startup.o
                               0x69a5 (size before relaxing)
 .debug_str     0x000088b1     0x1311 ./system/src/newlib/_syscalls.o
                               0x8145 (size before relaxing)
 .debug_str     0x00009bc2    0x4b01b ./system/src/cortexm/_initialize_hardware.o
                              0x4e807 (size before relaxing)
 .debug_str     0x00054bdd      0x1db ./system/src/cortexm/exception_handlers.o
                              0x5391c (size before relaxing)
 .debug_str     0x00054db8      0x118 ./system/src/cmsis/system_stm32f10x.o
                              0x4e8a1 (size before relaxing)
 .debug_str     0x00054ed0       0x57 ./system/src/cmsis/vectors_stm32f10x.o
                               0x3846 (size before relaxing)
 .debug_str     0x00054f27      0x51f ./src/ArkanoidGame.o
                               0x32a1 (size before relaxing)
 .debug_str     0x00055446      0x4e0 ./src/GPIO_program.o
                               0x34f8 (size before relaxing)
 .debug_str     0x00055926      0x24a ./src/RCC_program.o
                               0x3065 (size before relaxing)
 .debug_str     0x00055b70       0xf7 ./src/SPI_program.o
                               0x3122 (size before relaxing)
 .debug_str     0x00055c67      0x240 ./src/STK_program.o
                               0x3060 (size before relaxing)
 .debug_str     0x00055ea7      0x1a8 ./src/TFT_program.o
                               0x32c1 (size before relaxing)
 .debug_str     0x0005604f        0xe ./src/main.o
                               0x3182 (size before relaxing)

.debug_loc      0x00000000     0x1529
 *(.debug_loc)
 .debug_loc     0x00000000      0x1a9 ./system/src/newlib/_startup.o
 .debug_loc     0x000001a9       0x63 ./system/src/newlib/_syscalls.o
 .debug_loc     0x0000020c       0xdf ./system/src/cmsis/system_stm32f10x.o
 .debug_loc     0x000002eb      0x2ba ./src/ArkanoidGame.o
 .debug_loc     0x000005a5      0x37a ./src/GPIO_program.o
 .debug_loc     0x0000091f       0xa6 ./src/RCC_program.o
 .debug_loc     0x000009c5       0x4d ./src/SPI_program.o
 .debug_loc     0x00000a12      0xb17 ./src/TFT_program.o

.debug_macinfo
 *(.debug_macinfo)

.debug_weaknames
 *(.debug_weaknames)

.debug_funcnames
 *(.debug_funcnames)

.debug_typenames
 *(.debug_typenames)

.debug_varnames
 *(.debug_varnames)
OUTPUT(ArkanoidGame_V1.elf elf32-littlearm)

.debug_ranges   0x00000000      0x3e8
 .debug_ranges  0x00000000       0x18 ./system/src/newlib/_exit.o
 .debug_ranges  0x00000018       0x78 ./system/src/newlib/_startup.o
 .debug_ranges  0x00000090       0x20 ./system/src/newlib/_syscalls.o
 .debug_ranges  0x000000b0       0x18 ./system/src/cortexm/_initialize_hardware.o
 .debug_ranges  0x000000c8       0x70 ./system/src/cortexm/exception_handlers.o
 .debug_ranges  0x00000138       0x28 ./system/src/cmsis/system_stm32f10x.o
 .debug_ranges  0x00000160       0x10 ./system/src/cmsis/vectors_stm32f10x.o
 .debug_ranges  0x00000170       0xc0 ./src/ArkanoidGame.o
 .debug_ranges  0x00000230       0x20 ./src/GPIO_program.o
 .debug_ranges  0x00000250       0x20 ./src/RCC_program.o
 .debug_ranges  0x00000270       0x18 ./src/SPI_program.o
 .debug_ranges  0x00000288       0x48 ./src/STK_program.o
 .debug_ranges  0x000002d0      0x108 ./src/TFT_program.o
 .debug_ranges  0x000003d8       0x10 ./src/main.o

.debug_macro    0x00000000     0x1dc8
 .debug_macro   0x00000000      0x1b4 ./system/src/newlib/_exit.o
 .debug_macro   0x000001b4       0x9c ./system/src/newlib/_exit.o
 .debug_macro   0x00000250      0x10e ./system/src/newlib/_exit.o
 .debug_macro   0x0000035e       0x8d ./system/src/newlib/_exit.o
 .debug_macro   0x000003eb       0x43 ./system/src/newlib/_exit.o
 .debug_macro   0x0000042e      0x330 ./system/src/newlib/_exit.o
 .debug_macro   0x0000075e       0x35 ./system/src/newlib/_exit.o
 .debug_macro   0x00000793      0x173 ./system/src/newlib/_startup.o
 .debug_macro   0x00000906      0x217 ./system/src/newlib/_syscalls.o
 .debug_macro   0x00000b1d       0x1c ./system/src/newlib/_syscalls.o
 .debug_macro   0x00000b39       0x10 ./system/src/newlib/_syscalls.o
 .debug_macro   0x00000b49       0x10 ./system/src/newlib/_syscalls.o
 .debug_macro   0x00000b59       0x10 ./system/src/newlib/_syscalls.o
 .debug_macro   0x00000b69       0x35 ./system/src/newlib/_syscalls.o
 .debug_macro   0x00000b9e      0x122 ./system/src/newlib/_syscalls.o
 .debug_macro   0x00000cc0       0x88 ./system/src/newlib/_syscalls.o
 .debug_macro   0x00000d48       0x2b ./system/src/newlib/_syscalls.o
 .debug_macro   0x00000d73      0x118 ./system/src/newlib/_syscalls.o
 .debug_macro   0x00000e8b      0x189 ./system/src/newlib/_syscalls.o
 .debug_macro   0x00001014       0x16 ./system/src/newlib/_syscalls.o
 .debug_macro   0x0000102a      0x16b ./system/src/cortexm/_initialize_hardware.o
 .debug_macro   0x00001195      0x324 ./system/src/cortexm/exception_handlers.o
 .debug_macro   0x000014b9       0x3b ./system/src/cortexm/exception_handlers.o
 .debug_macro   0x000014f4       0x22 ./system/src/cortexm/exception_handlers.o
 .debug_macro   0x00001516       0x10 ./system/src/cortexm/exception_handlers.o
 .debug_macro   0x00001526       0xcf ./system/src/cortexm/exception_handlers.o
 .debug_macro   0x000015f5       0xbe ./system/src/cortexm/exception_handlers.o
 .debug_macro   0x000016b3       0x10 ./system/src/cortexm/exception_handlers.o
 .debug_macro   0x000016c3      0x16e ./system/src/cmsis/system_stm32f10x.o
 .debug_macro   0x00001831       0x34 ./system/src/cmsis/vectors_stm32f10x.o
 .debug_macro   0x00001865       0x5d ./src/ArkanoidGame.o
 .debug_macro   0x000018c2       0x22 ./src/ArkanoidGame.o
 .debug_macro   0x000018e4       0x1c ./src/ArkanoidGame.o
 .debug_macro   0x00001900       0xe2 ./src/ArkanoidGame.o
 .debug_macro   0x000019e2       0x3a ./src/ArkanoidGame.o
 .debug_macro   0x00001a1c       0x3a ./src/GPIO_program.o
 .debug_macro   0x00001a56       0x9a ./src/GPIO_program.o
 .debug_macro   0x00001af0       0x3f ./src/RCC_program.o
 .debug_macro   0x00001b2f       0x70 ./src/RCC_program.o
 .debug_macro   0x00001b9f       0x10 ./src/RCC_program.o
 .debug_macro   0x00001baf       0x49 ./src/SPI_program.o
 .debug_macro   0x00001bf8       0x10 ./src/SPI_program.o
 .debug_macro   0x00001c08       0x10 ./src/SPI_program.o
 .debug_macro   0x00001c18       0x40 ./src/STK_program.o
 .debug_macro   0x00001c58       0x40 ./src/STK_program.o
 .debug_macro   0x00001c98       0x10 ./src/STK_program.o
 .debug_macro   0x00001ca8       0x5d ./src/TFT_program.o
 .debug_macro   0x00001d05       0x16 ./src/TFT_program.o
 .debug_macro   0x00001d1b       0x16 ./src/TFT_program.o
 .debug_macro   0x00001d31       0x5d ./src/main.o
 .debug_macro   0x00001d8e       0x3a ./src/main.o
